// Jest Snapshot v1, https://goo.gl/fbAQLP

exports[`hola 1`] = `
<div
  style={
    Object {
      "margin": "auto",
      "maxWidth": 700,
      "width": "100%",
    }
  }
>
  <div
    style={
      Object {
        "alignContent": "center",
        "alignItems": "center",
        "display": "flex",
        "flexDirection": "row",
        "justifyContent": "space-between",
        "muiPrepared": true,
      }
    }
  >
    <div
      onClick={[Function]}
      style={
        Object {
          "flex": "0 0 auto",
          "muiPrepared": true,
        }
      }
    >
      <span
        disabled={undefined}
        style={
          Object {
            "alignItems": "center",
            "color": "rgba(0, 0, 0, 0.87)",
            "display": "flex",
            "fontFamily": "Roboto, sans-serif",
            "fontSize": 14,
            "fontWeight": 500,
            "height": 72,
            "muiPrepared": true,
            "paddingLeft": 14,
            "paddingRight": 14,
          }
        }
      >
        <span
          style={
            Object {
              "muiPrepared": true,
              "paddingRight": 8,
            }
          }
        >
          <svg
            onMouseEnter={[Function]}
            onMouseLeave={[Function]}
            style={
              Object {
                "color": "#00bcd4",
                "display": "block",
                "fill": "#00bcd4",
                "fontSize": 24,
                "height": 24,
                "muiPrepared": true,
                "transition": "all 450ms cubic-bezier(0.23, 1, 0.32, 1) 0ms",
                "userSelect": "none",
                "width": 24,
              }
            }
            viewBox="0 0 24 24"
          >
            <circle
              cx="12"
              cy="12"
              r="10"
            />
            <text
              fill="#fff"
              fontSize="12"
              textAnchor="middle"
              x="12"
              y="16"
            >
              1
            </text>
          </svg>
        </span>
        Create an account
      </span>
    </div>
    <div
      style={
        Object {
          "flex": "1 1 auto",
          "muiPrepared": true,
        }
      }
    >
      <span
        style={
          Object {
            "borderColor": "#bdbdbd",
            "borderTopStyle": "solid",
            "borderTopWidth": 1,
            "display": "block",
            "marginLeft": -6,
            "muiPrepared": true,
          }
        }
      />
    </div>
    <div
      onClick={[Function]}
      style={
        Object {
          "flex": "0 0 auto",
          "marginLeft": -6,
          "muiPrepared": true,
        }
      }
    >
      <span
        disabled={true}
        style={
          Object {
            "alignItems": "center",
            "color": "rgba(0, 0, 0, 0.26)",
            "cursor": "default",
            "display": "flex",
            "fontFamily": "Roboto, sans-serif",
            "fontSize": 14,
            "height": 72,
            "muiPrepared": true,
            "paddingLeft": 14,
            "paddingRight": 14,
          }
        }
      >
        <span
          style={
            Object {
              "muiPrepared": true,
              "paddingRight": 8,
            }
          }
        >
          <svg
            onMouseEnter={[Function]}
            onMouseLeave={[Function]}
            style={
              Object {
                "color": "#9e9e9e",
                "display": "block",
                "fill": "#9e9e9e",
                "fontSize": 24,
                "height": 24,
                "muiPrepared": true,
                "transition": "all 450ms cubic-bezier(0.23, 1, 0.32, 1) 0ms",
                "userSelect": "none",
                "width": 24,
              }
            }
            viewBox="0 0 24 24"
          >
            <circle
              cx="12"
              cy="12"
              r="10"
            />
            <text
              fill="#fff"
              fontSize="12"
              textAnchor="middle"
              x="12"
              y="16"
            >
              2
            </text>
          </svg>
        </span>
        Invite your friends
      </span>
    </div>
    <div
      style={
        Object {
          "flex": "1 1 auto",
          "muiPrepared": true,
        }
      }
    >
      <span
        style={
          Object {
            "borderColor": "#bdbdbd",
            "borderTopStyle": "solid",
            "borderTopWidth": 1,
            "display": "block",
            "marginLeft": -6,
            "muiPrepared": true,
          }
        }
      />
    </div>
    <div
      onClick={[Function]}
      style={
        Object {
          "flex": "0 0 auto",
          "marginLeft": -6,
          "muiPrepared": true,
        }
      }
    >
      <span
        disabled={true}
        style={
          Object {
            "alignItems": "center",
            "color": "rgba(0, 0, 0, 0.26)",
            "cursor": "default",
            "display": "flex",
            "fontFamily": "Roboto, sans-serif",
            "fontSize": 14,
            "height": 72,
            "muiPrepared": true,
            "paddingLeft": 14,
            "paddingRight": 14,
          }
        }
      >
        <span
          style={
            Object {
              "muiPrepared": true,
              "paddingRight": 8,
            }
          }
        >
          <svg
            onMouseEnter={[Function]}
            onMouseLeave={[Function]}
            style={
              Object {
                "color": "#9e9e9e",
                "display": "block",
                "fill": "#9e9e9e",
                "fontSize": 24,
                "height": 24,
                "muiPrepared": true,
                "transition": "all 450ms cubic-bezier(0.23, 1, 0.32, 1) 0ms",
                "userSelect": "none",
                "width": 24,
              }
            }
            viewBox="0 0 24 24"
          >
            <circle
              cx="12"
              cy="12"
              r="10"
            />
            <text
              fill="#fff"
              fontSize="12"
              textAnchor="middle"
              x="12"
              y="16"
            >
              3
            </text>
          </svg>
        </span>
        Draw!!
      </span>
    </div>
  </div>
  <div
    style={
      Object {
        "margin": "0 16px",
      }
    }
  >
    <div>
      <p>
        Create a new account...
      </p>
      <div
        style={
          Object {
            "marginTop": 12,
          }
        }
      >
        <button
          disabled={false}
          href={undefined}
          onBlur={[Function]}
          onClick={[Function]}
          onFocus={[Function]}
          onKeyDown={[Function]}
          onKeyUp={[Function]}
          onMouseEnter={[Function]}
          onMouseLeave={[Function]}
          onTouchStart={[Function]}
          onTouchTap={[Function]}
          style={
            Object {
              "WebkitTapHighlightColor": "rgba(0, 0, 0, 0)",
              "backgroundColor": "rgba(0, 0, 0, 0)",
              "border": 10,
              "borderRadius": 2,
              "boxSizing": "border-box",
              "color": "rgba(0, 0, 0, 0.87)",
              "cursor": "pointer",
              "display": "inline-block",
              "fontFamily": "Roboto, sans-serif",
              "fontSize": "inherit",
              "fontWeight": "inherit",
              "height": 36,
              "lineHeight": "36px",
              "margin": 0,
              "marginRight": 12,
              "minWidth": 88,
              "muiPrepared": true,
              "outline": "none",
              "overflow": "hidden",
              "padding": 0,
              "position": "relative",
              "textAlign": "center",
              "textDecoration": "none",
              "transition": "all 450ms cubic-bezier(0.23, 1, 0.32, 1) 0ms",
              "userSelect": "none",
              "verticalAlign": null,
              "zIndex": 1,
            }
          }
          tabIndex={0}
          type="button"
        >
          <div
            onMouseDown={[Function]}
            onMouseLeave={[Function]}
            onMouseUp={[Function]}
            onTouchEnd={[Function]}
            onTouchStart={[Function]}
          >
            <span
              style={
                Object {
                  "fontSize": 14,
                  "fontWeight": 500,
                  "letterSpacing": 0,
                  "muiPrepared": true,
                  "paddingLeft": 16,
                  "paddingRight": 16,
                  "position": "relative",
                  "textTransform": "uppercase",
                  "verticalAlign": "middle",
                }
              }
            >
              Create account
            </span>
          </div>
        </button>
        <div
          className={undefined}
          style={
            Object {
              "WebkitTapHighlightColor": "rgba(0,0,0,0)",
              "backgroundColor": "#ffffff",
              "borderRadius": 2,
              "boxShadow": "0 1px 6px rgba(0, 0, 0, 0.12),
                     0 1px 4px rgba(0, 0, 0, 0.12)",
              "boxSizing": "border-box",
              "color": "rgba(0, 0, 0, 0.87)",
              "display": "inline-block",
              "fontFamily": "Roboto, sans-serif",
              "minWidth": 88,
              "muiPrepared": true,
              "transition": "all 450ms cubic-bezier(0.23, 1, 0.32, 1) 0ms",
            }
          }
        >
          <button
            disabled={false}
            href={undefined}
            onBlur={[Function]}
            onClick={[Function]}
            onFocus={[Function]}
            onKeyDown={[Function]}
            onKeyUp={[Function]}
            onMouseDown={[Function]}
            onMouseEnter={[Function]}
            onMouseLeave={[Function]}
            onMouseUp={[Function]}
            onTouchEnd={[Function]}
            onTouchStart={[Function]}
            onTouchTap={[Function]}
            style={
              Object {
                "WebkitTapHighlightColor": "rgba(0, 0, 0, 0)",
                "backgroundColor": "#00bcd4",
                "border": 10,
                "borderRadius": 2,
                "boxSizing": "border-box",
                "cursor": "pointer",
                "display": "inline-block",
                "fontFamily": "Roboto, sans-serif",
                "fontSize": "inherit",
                "fontWeight": "inherit",
                "height": 36,
                "lineHeight": "36px",
                "margin": 0,
                "muiPrepared": true,
                "outline": "none",
                "padding": 0,
                "position": "relative",
                "textAlign": "center",
                "textDecoration": "none",
                "transition": "all 450ms cubic-bezier(0.23, 1, 0.32, 1) 0ms",
                "verticalAlign": null,
                "width": "100%",
                "zIndex": 1,
              }
            }
            tabIndex={0}
            type="button"
          >
            <div
              onMouseDown={[Function]}
              onMouseLeave={[Function]}
              onMouseUp={[Function]}
              onTouchEnd={[Function]}
              onTouchStart={[Function]}
            >
              <div
                style={
                  Object {
                    "backgroundColor": false,
                    "borderRadius": 2,
                    "height": 36,
                    "muiPrepared": true,
                    "top": 0,
                    "transition": "all 450ms cubic-bezier(0.23, 1, 0.32, 1) 0ms",
                  }
                }
              >
                <span
                  style={
                    Object {
                      "color": "#ffffff",
                      "fontSize": 14,
                      "fontWeight": 500,
                      "letterSpacing": 0,
                      "margin": 0,
                      "muiPrepared": true,
                      "opacity": 1,
                      "paddingLeft": 16,
                      "paddingRight": 16,
                      "position": "relative",
                      "textTransform": "uppercase",
                      "userSelect": "none",
                    }
                  }
                >
                  Next
                </span>
              </div>
            </div>
          </button>
        </div>
      </div>
    </div>
  </div>
  <div />
</div>
`;
